version https://git-lfs.github.com/spec/v1
oid sha256:ab1df644afa4c5397ce5148106512a98b7fc610aca5d4a6fbdece9d31f966c17
size 1176
