version https://git-lfs.github.com/spec/v1
oid sha256:532fe543f8e833353f735539f98a2ba456f550797dad71e464f392428ac4e34b
size 1077
