version https://git-lfs.github.com/spec/v1
oid sha256:720df1bb32f398bf2b7e4f07bc0eaf3fad143e6ccec39943fea2e9d0c7be6ef2
size 975
