version https://git-lfs.github.com/spec/v1
oid sha256:9419c93dc774c5d55fde30f96f9ec6bce018c50a677740a261638952323fe80a
size 984
