version https://git-lfs.github.com/spec/v1
oid sha256:4c1049c76ba6f8681545b9744419fe30d91a0897d0a24b1ce066fd708526d74a
size 949
