version https://git-lfs.github.com/spec/v1
oid sha256:37ddfa18f7e31571950ef22a7a9611768da7ad08ac92e0cc8100c7635f2ccc61
size 1425
