version https://git-lfs.github.com/spec/v1
oid sha256:4bfae59ba377c14033509f64487f559e5a3f4ecad7a0fffb91f2c872066bf332
size 761
