version https://git-lfs.github.com/spec/v1
oid sha256:4df03183b1b2ab3a20687d148ec3f4a9ee6b063260548b01b87e2b0a51111707
size 867
