version https://git-lfs.github.com/spec/v1
oid sha256:87ebd6163f6e4482c27943083a7b33407f8e8c68efaece5c0df4197f53f9fdea
size 921
