version https://git-lfs.github.com/spec/v1
oid sha256:e9bf35ccc51f433efc0d9e0590cee70c6017dc045f60054609fc12008fdd701f
size 711
