version https://git-lfs.github.com/spec/v1
oid sha256:46ebe27bff9522603ef33e9677a4595b71c12e491a7a4a46e406c5a40c0f68ca
size 56
