version https://git-lfs.github.com/spec/v1
oid sha256:464e97b8518ec731cd3f76d74b68e40f5e1ab6e0c011f818bf41b13f67966de4
size 764
