version https://git-lfs.github.com/spec/v1
oid sha256:a40f9748e36e8f26f2b59c0e3fe777ccfe32f90e7ec354a6f149d6ef54ccddc2
size 747
