version https://git-lfs.github.com/spec/v1
oid sha256:c3840e55310722624562439453ca9e63a910ca802b7c15bdfe635928e964ca4d
size 729
