version https://git-lfs.github.com/spec/v1
oid sha256:88c97b3567b4597e17821a83fd2ec804921bf99df2a5af221d952f8327db4d1a
size 981
