version https://git-lfs.github.com/spec/v1
oid sha256:bf90b2a12b60ba558c931a167ea95cdd9a01e538dba1ac918be9750b9c72e6d2
size 706
