version https://git-lfs.github.com/spec/v1
oid sha256:deec0f1b5a21798be916799b13459249abc1e013d9b100aeb4379aa3e555e4e0
size 755
