version https://git-lfs.github.com/spec/v1
oid sha256:d089736ec3fa3c9a191f0e79b4d5777e1e86a1d5d826a8f68e7a4ea89b80316e
size 887
