version https://git-lfs.github.com/spec/v1
oid sha256:e25cc0ec1c921925c1135b820f3937230bad144fba5bf4e53473c3887bb10b6d
size 794
