version https://git-lfs.github.com/spec/v1
oid sha256:ea8d8b41685643d84d9f680df39b4b9fbfabd27a3c53b0fcb01e6608d4e3cc2b
size 761
