version https://git-lfs.github.com/spec/v1
oid sha256:1315ee43c9eca44cba290d0ed229430ef5d235a6ee56d9a855dccf1b4400a485
size 71
