version https://git-lfs.github.com/spec/v1
oid sha256:cb15fae88488e88ac291f692a557f466dfb093d2a109147e9463450058bdc60e
size 829
