version https://git-lfs.github.com/spec/v1
oid sha256:6532643a02945ff8b7abf1451e8e65d7df9aab9eba61e1d5e6363156424d30d7
size 824
