version https://git-lfs.github.com/spec/v1
oid sha256:b7293b76f0ec4ba7be86672112f59a0a9de5fded58959802da03c4ad30e7fd60
size 766
