version https://git-lfs.github.com/spec/v1
oid sha256:7ed9a9921601deae7cab2202acc293b5f5c40016c85ea4681077d7fac78c2cfd
size 1647
