version https://git-lfs.github.com/spec/v1
oid sha256:04890c9bb0c95b6c54a0476fa44a39caa9cd44e05cc6f894632d185867d563ea
size 769
