version https://git-lfs.github.com/spec/v1
oid sha256:8ab170815a550912d9c253ce54d302ed6fab9528f5bc2ee635686c49bb8724ca
size 854
