version https://git-lfs.github.com/spec/v1
oid sha256:27906148ea380c685389db8652c300aba8455f8544d5eb0a64f794e6c51b4803
size 728
