version https://git-lfs.github.com/spec/v1
oid sha256:d0bd7d906dc160cf0dc16342cdaa50c84e1c77f0f951b11f9bbca3fe30241988
size 778
