version https://git-lfs.github.com/spec/v1
oid sha256:fffb768be5df51f90653d1a69db74d689359c39eaab02cd16eacd5440103722f
size 923
