version https://git-lfs.github.com/spec/v1
oid sha256:72b3c0ac6c73edaf88ce7986809c04f70d1f1425ab8632b3d3eb0df1b6606b4d
size 451
