version https://git-lfs.github.com/spec/v1
oid sha256:5f8ad7ff97bf5cfb1ee3e5a80d38d998bd178b2a79eb429652366be0df5076dd
size 803
