version https://git-lfs.github.com/spec/v1
oid sha256:e55bf5297cddfb982c004484d3c1e544f15b6eea6698ed6fb840ed05d36af96a
size 791
