version https://git-lfs.github.com/spec/v1
oid sha256:2aca13265e0dd05bcd2e87ffeec8be32d638f7839d1fea1cda30da7d41beacec
size 828
