version https://git-lfs.github.com/spec/v1
oid sha256:da0bab4f3bfade52241dc791667cf19a5c35c0b481977061e1e4e710f2b5bc2a
size 911
