version https://git-lfs.github.com/spec/v1
oid sha256:74c969df2aff054037c644efdb0fece51e9c634ceac7b5e1470ca5c4e04ceb0f
size 876
