version https://git-lfs.github.com/spec/v1
oid sha256:9217ef5cd3af50e7e06db443fb7c7e0d3019f030fee280af55779cce89b5bfd7
size 936
