version https://git-lfs.github.com/spec/v1
oid sha256:61b81208c8b52707fe0bee439b08f07e8f4a12638edaa214daf5c3eb8130d27d
size 958
