version https://git-lfs.github.com/spec/v1
oid sha256:825caf0d712ae78e9d8b87f6e36098f6e80475268ff25fbe658c754479d2bd81
size 779
