version https://git-lfs.github.com/spec/v1
oid sha256:6007255b30773c2ecc049a5165225fd3430a2aca76e7c5be7fb3470fa358656a
size 1033
