version https://git-lfs.github.com/spec/v1
oid sha256:380b1edb5525fe59c729ffba6c87849b5731f76c95247e9623fb5d5dee4ed8e4
size 952
