version https://git-lfs.github.com/spec/v1
oid sha256:7c680228b13ddb019411f3640ec0f99b8a145891cdd0f868b28badf1fa8745c3
size 770
