version https://git-lfs.github.com/spec/v1
oid sha256:040e262f0c4a15dc23840bca9e2956b2c80708d4ef64579abe59405e66e9fb01
size 1098
