version https://git-lfs.github.com/spec/v1
oid sha256:2492f7f65e41e2113eb952c65a5f653c586af34490d7f86781a349c2451aa670
size 961
