version https://git-lfs.github.com/spec/v1
oid sha256:1957958a6d46799b15c8c6abaf0c053fc51b4d1d6cf271928e8cc165b037ff1f
size 964
