version https://git-lfs.github.com/spec/v1
oid sha256:14ac11fcd0e0fde1b8e4206c8b3516b911d9e66ff656a65eacf32309cfc618a9
size 961
