version https://git-lfs.github.com/spec/v1
oid sha256:fce6a4301ba971239353261c8220e0e9764113db403820ff56aef81f1c764c5d
size 933
