version https://git-lfs.github.com/spec/v1
oid sha256:30e41cb928194a2370af0ea8d71122c736f6f3bec84b31482adc6d83e7f3f5b0
size 1093
