version https://git-lfs.github.com/spec/v1
oid sha256:1b7aafb3ec94111b9e4c40f425cd76b038e59c616a1edad05178a9e4e5d986f3
size 965
