version https://git-lfs.github.com/spec/v1
oid sha256:44eb0b14ebfed8eaf644fbe8afb7008d6582096cd7e63aad94bc62fb98005ac8
size 1021
